// Jest Snapshot v1, https://goo.gl/fbAQLP

exports[`Logged out page matches snapshot 1`] = `
<DocumentFragment>
  <div
    class="chakra-stack css-11we7xs"
  >
    <img
      alt="logo"
      class="chakra-image css-1b7p44u"
      src="/logo.svg"
    />
    <h2
      class="chakra-heading css-1zp44w"
    >
      You've logged out successfully
    </h2>
    <a
      class="chakra-link css-1qholc2"
      href="/app/login"
      title="Log in"
    >
      Click here to log in
    </a>
  </div>
</DocumentFragment>
`;
