// Jest Snapshot v1, https://goo.gl/fbAQLP

exports[`Login form matches snapshot 1`] = `
<DocumentFragment>
  <form
    aria-label="loginform"
    autocomplete="off"
    id="loginform"
    name="loginform"
    novalidate=""
  >
    <div
      class="chakra-stack css-w4pe59"
    >
      <div
        class="chakra-form-control css-1naxzcr"
        role="group"
      >
        <input
          aria-label="email"
          aria-required="true"
          autocomplete="email"
          class="chakra-input css-wv9m3t"
          control="[object Object]"
          id="email-email"
          name="email"
          placeholder="Email"
          required=""
          rules="[object Object]"
          type="email"
          value=""
        />
      </div>
      <div
        class="chakra-form-control css-1naxzcr"
        role="group"
      >
        <input
          aria-label="password"
          aria-required="true"
          autocomplete="current-password"
          class="chakra-input css-wv9m3t"
          control="[object Object]"
          id="password-password"
          name="password"
          placeholder="Password"
          required=""
          rules="[object Object]"
          type="password"
          value=""
        />
      </div>
      <div
        class="chakra-alert css-1e3grqz"
        role="alert"
      >
        <svg
          class="chakra-alert__icon css-m46e7f"
          fill="currentColor"
          height="1em"
          stroke="currentColor"
          stroke-width="0"
          viewBox="0 0 512 512"
          width="1em"
          xmlns="http://www.w3.org/2000/svg"
        >
          <path
            d="M368 368L144 144m224 0L144 368"
            fill="none"
            stroke-linecap="round"
            stroke-linejoin="round"
            stroke-width="32"
          />
        </svg>
        <div
          class="chakra-alert__desc css-1fwxjz3"
        >
          Failed to login. Incorrect email and/or password.
        </div>
      </div>
      <button
        aria-label="submit-login"
        class="chakra-button css-hyn8au"
        disabled=""
        id="submit-login"
        type="submit"
      >
        Log in
      </button>
    </div>
  </form>
  <div
    class="css-18voih5"
  >
    <p
      class="chakra-text css-1gx0chr"
    >
      No account?
      <span
        class="chakra-link css-ntv2za"
        href="/register"
        title="Link to register an account"
      >
         Register now
      </span>
    </p>
    <span
      class="chakra-link css-1nbxiji"
      href="/resetpassword"
      title="Link to register an account"
    >
       Forgotten password?
    </span>
  </div>
</DocumentFragment>
`;
