// Jest Snapshot v1, https://goo.gl/fbAQLP

exports[`Login form matches snapshot 1`] = `
<DocumentFragment>
  <form
    aria-label="loginform"
    autocomplete="off"
    id="loginform"
    name="loginform"
    novalidate=""
  >
    <div
      class="chakra-stack css-w4pe59"
    >
      <div
        class="chakra-form-control css-1naxzcr"
        role="group"
      >
        <input
          aria-label="email"
          aria-required="true"
          autocomplete="email"
          class="chakra-input css-5ft5pb"
          control="[object Object]"
          id="email-email"
          name="email"
          placeholder="Email"
          required=""
          rules="[object Object]"
          type="email"
          value=""
        />
      </div>
      <div
        class="chakra-form-control css-1naxzcr"
        role="group"
      >
        <input
          aria-label="password"
          aria-required="true"
          autocomplete="current-password"
          class="chakra-input css-5ft5pb"
          control="[object Object]"
          id="password-password"
          name="password"
          placeholder="Password"
          required=""
          rules="[object Object]"
          type="password"
          value=""
        />
      </div>
      <button
        aria-label="submit-login"
        class="chakra-button css-1iyhsoz"
        id="submit-login"
        type="submit"
      >
        Log in
      </button>
    </div>
  </form>
  <div
    class="css-18voih5"
  >
    <p
      class="chakra-text css-1fihqrz"
    >
      No account?
      <span
        class="chakra-link css-ntv2za"
        href="/register"
        title="Link to register an account"
      >
         Register now
      </span>
    </p>
    <span
      class="chakra-link css-pkysmm"
      href="/forgottenpassword"
      title="Link to register an account"
    >
       Forgotten password?
    </span>
  </div>
</DocumentFragment>
`;
