// Jest Snapshot v1, https://goo.gl/fbAQLP

exports[`Login form matches snapshot 1`] = `
<DocumentFragment>
  <form
    aria-label="login-form"
    autocomplete="off"
    id="login-form"
    name="login-form"
    novalidate=""
  >
    <div
      class="chakra-stack css-ew27cg"
    >
      <div
        class="chakra-form-control css-0"
        role="group"
      >
        <div
          aria-live="polite"
          class="css-jhkd4z"
          id="form-input"
        >
          <div
            class="css-qnoc8j"
          />
          <input
            aria-label="email"
            aria-required="true"
            class="chakra-input css-gr2y0"
            id="field-1"
            placeholder="Email"
            required=""
            value=""
          />
          <div
            class="css-11633wt"
          />
        </div>
      </div>
      <div
        class="chakra-form-control css-0"
        role="group"
      >
        <div
          aria-live="polite"
          class="css-jhkd4z"
          id="form-input"
        >
          <div
            class="css-qnoc8j"
          />
          <input
            aria-label="password"
            aria-required="true"
            class="chakra-input css-gr2y0"
            id="field-2"
            placeholder="Password"
            required=""
            type="password"
            value=""
          />
          <div
            class="css-11633wt"
          />
        </div>
      </div>
      <div
        class="chakra-alert css-glexlw"
        role="alert"
      >
        <svg
          class="chakra-alert__icon css-1tw3v2n"
          fill="currentColor"
          height="1em"
          stroke="currentColor"
          stroke-width="0"
          viewBox="0 0 512 512"
          width="1em"
          xmlns="http://www.w3.org/2000/svg"
        >
          <path
            d="M368 368L144 144m224 0L144 368"
            fill="none"
            stroke-linecap="round"
            stroke-linejoin="round"
            stroke-width="32"
          />
        </svg>
        <div
          class="chakra-alert__desc css-1g4x3gd"
        >
          Failed to login. Incorrect email and/or password.
        </div>
      </div>
      <button
        aria-label="submit-login"
        class="chakra-button css-1hm0q50"
        id="submit-login"
        type="submit"
      >
        Log in
      </button>
    </div>
  </form>
  <div
    class="css-18voih5"
  >
    <p
      class="chakra-text css-1fihqrz"
    >
      No account? 
      <span
        class="chakra-link css-ntv2za"
        href="/register"
        title="Link to register an account"
      >
        Register now
      </span>
    </p>
    <span
      class="chakra-link css-pkysmm"
      href="/resetpassword"
      title="Link to register an account"
    >
      Forgotten password?
    </span>
  </div>
</DocumentFragment>
`;
