// Jest Snapshot v1, https://goo.gl/fbAQLP

exports[`Register form matches snapshot 1`] = `
<DocumentFragment>
  <form
    aria-label="register-form"
    autocomplete="off"
    id="register-form"
    name="register-form"
    novalidate=""
  >
    <div
      class="chakra-stack css-ew27cg"
    >
      <div
        class="chakra-form-control css-0"
        role="group"
      >
        <div
          aria-live="polite"
          class="css-jhkd4z"
          id="form-input"
        >
          <div
            class="css-qnoc8j"
          />
          <input
            aria-label="firstName"
            aria-required="true"
            class="chakra-input css-gr2y0"
            id="field-1"
            placeholder="First name"
            required=""
            value=""
          />
          <div
            class="css-11633wt"
          />
        </div>
      </div>
      <div
        class="chakra-form-control css-0"
        role="group"
      >
        <div
          aria-live="polite"
          class="css-jhkd4z"
          id="form-input"
        >
          <div
            class="css-qnoc8j"
          />
          <input
            aria-label="lastName"
            class="chakra-input css-gr2y0"
            id="field-2"
            placeholder="Last name"
            value=""
          />
          <div
            class="css-11633wt"
          />
        </div>
      </div>
      <div
        class="chakra-form-control css-0"
        role="group"
      >
        <div
          aria-live="polite"
          class="css-jhkd4z"
          id="form-input"
        >
          <div
            class="css-qnoc8j"
          />
          <input
            aria-label="email"
            aria-required="true"
            class="chakra-input css-gr2y0"
            id="field-3"
            placeholder="Email"
            required=""
            value=""
          />
          <div
            class="css-11633wt"
          />
        </div>
      </div>
      <div
        class="chakra-form-control css-0"
        role="group"
      >
        <div
          aria-live="polite"
          class="css-jhkd4z"
          id="form-input"
        >
          <div
            class="css-qnoc8j"
          />
          <input
            aria-label="password"
            aria-required="true"
            class="chakra-input css-gr2y0"
            id="field-4"
            placeholder="Password"
            required=""
            type="password"
            value=""
          />
          <div
            class="css-11633wt"
          />
        </div>
      </div>
      <div
        class="chakra-alert css-glexlw"
        role="alert"
      >
        <div
          class="chakra-alert__desc css-1g4x3gd"
        >
          Failed to create account. Please try again later.
        </div>
      </div>
      <button
        aria-label="submit-register-account"
        class="chakra-button css-1hm0q50"
        id="submit-register-account"
        type="submit"
      >
        Create account
      </button>
    </div>
  </form>
  <div
    class="chakra-stack css-p0ia60"
  >
    <div
      class="chakra-text css-i2jbli"
    >
      By continuing, you agree to founderpad's 
      <span
        class="chakra-link css-ntv2za"
        href="/terms-of-conditions"
        rel="noopener noreferrer"
        target="_blank"
        title="Link to Terms of Service"
      >
        Terms of Service 
      </span>
      and acknowledge that you've read our 
      <span
        class="chakra-link css-ntv2za"
        href="/privacy-policy"
        rel="noopener noreferrer"
        target="_blank"
        title="Link to Privacy Policy"
      >
        Privacy Policy.
      </span>
    </div>
    <div
      class="chakra-text css-1gx0chr"
    >
      Already have an account? 
      <span
        class="chakra-link css-ntv2za"
        href="/login"
        title="Link to login"
      >
        Login here
      </span>
    </div>
  </div>
</DocumentFragment>
`;
