// Jest Snapshot v1, https://goo.gl/fbAQLP

exports[`Register form matches snapshot 1`] = `
<DocumentFragment>
  <form
    aria-label="registerForm"
    autocomplete="off"
    id="registerForm"
    name="registerForm"
    novalidate=""
  >
    <div
      class="chakra-stack css-w4pe59"
    >
      <div
        class="chakra-form-control css-1naxzcr"
        role="group"
      >
        <input
          aria-label="firstName"
          aria-required="true"
          class="chakra-input css-wv9m3t"
          control="[object Object]"
          id="firstName"
          name="firstName"
          placeholder="First name"
          required=""
          rules="[object Object]"
          value=""
        />
      </div>
      <div
        class="chakra-form-control css-1naxzcr"
        role="group"
      >
        <input
          aria-label="lastName"
          class="chakra-input css-wv9m3t"
          control="[object Object]"
          id="lastName"
          name="lastName"
          placeholder="Last name"
          rules="[object Object]"
          value=""
        />
      </div>
      <div
        class="chakra-form-control css-1naxzcr"
        role="group"
      >
        <input
          aria-label="email"
          aria-required="true"
          class="chakra-input css-wv9m3t"
          control="[object Object]"
          id="email-email"
          name="email"
          placeholder="Email"
          required=""
          rules="[object Object]"
          type="email"
          value=""
        />
      </div>
      <div
        class="chakra-form-control css-1naxzcr"
        role="group"
      >
        <input
          aria-label="password"
          aria-required="true"
          autocomplete="current-password"
          class="chakra-input css-wv9m3t"
          control="[object Object]"
          id="password-password"
          name="password"
          placeholder="Password"
          required=""
          rules="[object Object]"
          type="password"
          value=""
        />
      </div>
      <button
        aria-label="submit-register-account"
        class="chakra-button css-1pqrlwa"
        disabled=""
        id="submit-register-account"
        type="submit"
      >
        Create account
      </button>
    </div>
  </form>
  <div
    class="chakra-text css-i2jbli"
  >
    By continuing, you agree to founderpad's 
    <span
      class="chakra-link css-ntv2za"
      href="/terms-of-conditions"
      rel="noopener noreferrer"
      target="_blank"
      title="Link to Terms of Service"
    >
      Terms of Service
    </span>
     and acknowledge that you've read our 
    <span
      class="chakra-link css-ntv2za"
      href="/privacy-policy"
      rel="noopener noreferrer"
      target="_blank"
      title="Link to Privacy Policy"
    >
      Privacy Policy.
    </span>
     
  </div>
  <div
    class="chakra-text css-1gx0chr"
  >
    Already have an account? 
    <span
      class="chakra-link css-ntv2za"
      href="/login"
      title="Link to login"
    >
      Login here
    </span>
  </div>
</DocumentFragment>
`;
